CCS PCM C Compiler, Version 4.114, 93463165               16-jan-15 14:36

               Filename: D:\SkyDrive\Eletronica\PROJETOS PIC CCS\LCD EDG128BK3WXMGA\index.lst

               ROM used: 973 words (12%)
                         Largest free fragment is 2048
               RAM used: 8 (2%) at main() level
                         23 (6%) worst case
               Stack:    6 locations

*
0000:  MOVLW  03
0001:  MOVWF  0A
0002:  GOTO   3B6
0003:  NOP
.................... /*#include <16f876.h> 
.................... #use delay(clock=16000000) 
.................... #FUSES NOWDT, NOBROWNOUT, PUT, XT  */ 
....................  
.................... #include <16F876.h> 
.................... //////// Standard Header file for the PIC16F876 device //////////////// 
.................... #device PIC16F876 
.................... #list 
....................  
.................... #FUSES NOWDT, HS, NOPUT, NOBROWNOUT, NOLVP, NOCPD, NOWRT, NODEBUG, NOPROTECT 
.................... #use delay(clock=16000000) 
*
027D:  MOVLW  23
027E:  MOVWF  04
027F:  BCF    03.7
0280:  MOVF   00,W
0281:  BTFSC  03.2
0282:  GOTO   291
0283:  MOVLW  05
0284:  MOVWF  78
0285:  CLRF   77
0286:  DECFSZ 77,F
0287:  GOTO   286
0288:  DECFSZ 78,F
0289:  GOTO   285
028A:  MOVLW  2E
028B:  MOVWF  77
028C:  DECFSZ 77,F
028D:  GOTO   28C
028E:  GOTO   28F
028F:  DECFSZ 00,F
0290:  GOTO   283
.................... //#USE SPI (MASTER, CLK=PIN_B2, DI=PIN_C5, DO=PIN_B1, BAUD = 100000, MODE=0, BITS=8, STREAM=SPI_1, MSB_FIRST) 
....................  
....................  
.................... #include "EDG128BK3WXMGA.c" 
.................... // Driver teste para o LCD 128x64 (PowerTip PE12864LRF-004-H/* 
.................... const BYTE TEXT[51][5] ={0x00, 0x00, 0x00, 0x00, 0x00, // SPACE  01 
....................                          0x00, 0x00, 0x5F, 0x00, 0x00, // ! 
....................                          0x00, 0x03, 0x00, 0x03, 0x00, // " 
....................                          0x14, 0x3E, 0x14, 0x3E, 0x14, // # 
....................                          0x24, 0x2A, 0x7F, 0x2A, 0x12, // $ 
....................                          0x43, 0x33, 0x08, 0x66, 0x61, // % 
....................                          0x36, 0x49, 0x55, 0x22, 0x50, // & 
....................                          0x00, 0x05, 0x03, 0x00, 0x00, // ' 
....................                          0x00, 0x1C, 0x22, 0x41, 0x00, // ( 
....................                          0x00, 0x41, 0x22, 0x1C, 0x00, // ) 
....................                          0x14, 0x08, 0x3E, 0x08, 0x14, // * 
....................                          0x08, 0x08, 0x3E, 0x08, 0x08, // + 
....................                          0x00, 0x50, 0x30, 0x00, 0x00, // , 
....................                          0x08, 0x08, 0x08, 0x08, 0x00, // - 
....................                          0x00, 0x60, 0x60, 0x00, 0x00, // . 
....................                          0x20, 0x10, 0x08, 0x04, 0x00, // / 
....................                          0x3E, 0x51, 0x49, 0x3e, 0x00, // 0      17 
....................                          0x04, 0x02, 0x7F, 0x00, 0x00, // 1 
....................                          0x00, 0x61, 0x51, 0x49, 0x46, // 2 
....................                          0x00, 0x41, 0x49, 0x49, 0x36, // 3      20 
....................                          0x18, 0x14, 0x12, 0x7F, 0x00, // 4 
....................                          0x00, 0x27, 0x45, 0x45, 0x39, // 5 
....................                          0x3E, 0x49, 0x49, 0x32, 0x00, // 6      23 
....................                          0x00, 0x01, 0x71, 0x09, 0x07, // 7 
....................                          0x36, 0x49, 0x49, 0x36, 0x00, // 8 
....................                          0x26, 0x49, 0x49, 0x3e, 0x00, // 9      26 
....................                          0x00, 0x36, 0x36, 0x00, 0x00, // : 
....................                          0x00, 0x56, 0x36, 0x00, 0x00, // ; 
....................                          0x08, 0x14, 0x22, 0x41, 0x00, // < 
....................                          0x14, 0x14, 0x14, 0x14, 0x00, // = 
....................                          0x00, 0x41, 0x22, 0x14, 0x08, // > 
....................                          0x02, 0x01, 0x51, 0x09, 0x06, // ? 
....................                          0x3E, 0x41, 0x59, 0x55, 0x5E, // @ 
....................                          0x7E, 0x09, 0x09, 0x7e, 0x00, // A      34 
....................                          0x7F, 0x49, 0x49, 0x36, 0x00, // B 
....................                          0x3E, 0x41, 0x41, 0x22, 0x00, // C 
....................                          0x7F, 0x41, 0x41, 0x3e, 0x00, // D      37 
....................                          0x7F, 0x49, 0x49, 0x41, 0x00, // E 
....................                          0x7F, 0x09, 0x09, 0x01, 0x00, // F 
....................                          0x3E, 0x41, 0x49, 0x3a, 0x00, // G      40 
....................                          0x7F, 0x08, 0x08, 0x7f, 0x00, // H 
....................                          0x00, 0x41, 0x7F, 0x41, 0x00, // I 
....................                          0x30, 0x40, 0x40, 0x3f, 0x00, // J      43 
....................                          0x7F, 0x08, 0x14, 0x63, 0x00, // K 
....................                          0x7F, 0x40, 0x40, 0x00, 0x00, // L 
....................                          0x7F, 0x02, 0x0C, 0x02, 0x7F, // M      46 
....................                          0x7F, 0x02, 0x04, 0x08, 0x7F, // N 
....................                          0x3E, 0x41, 0x41, 0x3e, 0x00, // O 
....................                          0x7F, 0x09, 0x09, 0x06, 0x00, // P      49 
....................                          0x1E, 0x21, 0x21, 0x5e, 0x00, // Q 
....................                          0x7F, 0x09, 0x09, 0x76, 0x00};// R      51 
....................  
.................... const BYTE TEXT2[44][5]={0x26, 0x49, 0x49, 0x32, 0x00, // S 
....................                          0x00, 0x01, 0x7F, 0x01, 0x00, // T 
....................                          0x3F, 0x40, 0x40, 0x3f, 0x00, // U 
....................                          0x1F, 0x20, 0x40, 0x20, 0x1F, // V 
....................                          0x7F, 0x20, 0x10, 0x20, 0x7F, // W 
....................                          0x41, 0x22, 0x1C, 0x22, 0x41, // X 
....................                          0x07, 0x08, 0x70, 0x08, 0x07, // Y 
....................                          0x61, 0x51, 0x49, 0x47, 0x00, // Z 
....................                          0x00, 0x7F, 0x41, 0x00, 0x00, // [ 
....................                          0x02, 0x04, 0x08, 0x10, 0x20, // \ 
....................                          0x00, 0x00, 0x41, 0x7F, 0x00, // ] 
....................                          0x04, 0x02, 0x01, 0x02, 0x04, // ^ 
....................                          0x40, 0x40, 0x40, 0x40, 0x00, // _ 
....................                          0x00, 0x01, 0x02, 0x04, 0x00, // ` 
....................                          //0x20, 0x54, 0x54, 0x54, 0x78, // a 
....................                          0x38, 0x44, 0x44, 0x7c, 0x00,  // a  
....................                          0x7F, 0x44, 0x44, 0x38, 0x00, // b 
....................                          0x38, 0x44, 0x44, 0x44, 0x00, // c 
....................                          0x38, 0x44, 0x44, 0x7f, 0x00, // d 
....................                          0x38, 0x54, 0x54, 0x18, 0x00, // e 
....................                          0x00, 0x04, 0x7E, 0x05, 0x00, // f 
....................                          0x08, 0x54, 0x54, 0x3c, 0x00, // g 
....................                          0x7F, 0x08, 0x04, 0x78, 0x00, // h 
....................                          0x00, 0x00, 0x7a, 0x00, 0x00, // i 
....................                          0x20, 0x00, 0x44, 0x3D, 0x00, // j 
....................                          0x7e, 0x10, 0x28, 0x44, 0x00, // k 
....................                          0x00, 0x41, 0x7F, 0x40, 0x00, // l 
....................                          0x7C, 0x04, 0x78, 0x04, 0x78, // m 
....................                          0x7C, 0x04, 0x04, 0x78, 0x00, // n 
....................                          0x38, 0x44, 0x44, 0x38, 0x00, // o 
....................                          0x7C, 0x14, 0x14, 0x08, 0x00, // p 
....................                          0x08, 0x14, 0x14, 0x7c, 0x00, // q 
....................                          0x00, 0x7C, 0x08, 0x04, 0x00, // r 
....................                          0x08, 0x54, 0x54, 0x20, 0x00, // s 
....................                          0x00, 0x04, 0x3F, 0x44, 0x00, // t 
....................                          0x00, 0x3c, 0x40, 0x20, 0x7C, // u 
....................                          0x1C, 0x20, 0x40, 0x20, 0x1C, // v 
....................                          0x3C, 0x40, 0x30, 0x40, 0x3C, // w 
....................                          0x44, 0x28, 0x10, 0x28, 0x44, // x 
....................                          0x0C, 0x50, 0x50, 0x3c, 0x00, // y 
....................                          0x00, 0x64, 0x54, 0x4C, 0x00, // z 
....................                          0x00, 0x08, 0x36, 0x41, 0x41, // { 
....................                          0x00, 0x00, 0x7F, 0x00, 0x00, // | 
....................                          0x41, 0x41, 0x36, 0x08, 0x00, // } 
....................                          0x02, 0x01, 0x02, 0x04, 0x02};// ~ 
....................  
....................  
.................... #define PE12864_RES   pin_B6 
.................... #define PE12864_CS1   pin_B5 
.................... #define PE12864_A0    pin_B4 
.................... #define PE12864_CLK   pin_B3 
.................... #define PE12864_DATA  pin_B2 
....................  
.................... #define ON   1 
.................... #define OFF  0 
....................  
.................... int8 CurrentLine = 0; 
.................... int8 QuantChrLine = 0; 
.................... int8 OffsetX = 0; 
....................  
.................... void    PE12864_InitLcd(void); 
.................... void    PE12864_Write_command(char byte_command); 
.................... void    PE12864_Write_data(char byte_data); 
.................... void    PE12864_Gotoxy(int8 x, int y); 
.................... void    PE12864_Printchar(char cvar); 
.................... void    PE12864_PutPixel(int8 x,int8 y, int1 COLOR); 
.................... void    PE12864_SerialOut(char byteDC); 
.................... void    clear_screen(void); 
.................... void    newLine(void); 
.................... void    PE12864_circle(int x, int y, int radius, int1 fill, int1 COLOR); 
.................... void    PE12864_line(int x1, int y1, int x2, int y2, int1 COLOR); 
.................... //void    linexy(int8 x1,int8 y1,int8 x2,int8 y2, int1 COLOR); 
....................  
.................... void    PE12864_InitLcd(void){ 
....................     
....................    output_low(PE12864_CS1); // Chip Enabled 
*
0273:  BSF    03.5
0274:  BCF    06.5
0275:  BCF    03.5
0276:  BCF    06.5
....................    output_low(PE12864_RES); 
0277:  BSF    03.5
0278:  BCF    06.6
0279:  BCF    03.5
027A:  BCF    06.6
....................    delay_ms(5); 
027B:  MOVLW  05
027C:  MOVWF  23
....................    output_high(PE12864_RES);    
*
0291:  BSF    03.5
0292:  BCF    06.6
0293:  BCF    03.5
0294:  BSF    06.6
....................  
....................    // LCD BIAS SET 
....................    //- PAG 45 - 1010001-BIT    0: 1/9 ou 1: 1/7 ST7565S 
....................    PE12864_Write_command(0xa2); 
0295:  MOVLW  A2
0296:  MOVWF  2E
0297:  CALL   21A
....................    //1010011-BIT  Display Fill  0: Normal  1: Reverse 
....................    PE12864_Write_command(0xa6); // Normal 
0298:  MOVLW  A6
0299:  MOVWF  2E
029A:  CALL   21A
....................    // Commom Output mode Select 
....................    //- PAG 46 -  1100-BIT      0: Normal Direction    1: Reverse Direction    (Ex: 11000*** - Normal Direction) 
....................    PE12864_Write_command(0xc8); 
029B:  MOVLW  C8
029C:  MOVWF  2E
029D:  CALL   21A
....................    // LCD ADC Select 0:normal  1: Reverse 
....................    PE12864_Write_command(0xa0);    
029E:  MOVLW  A0
029F:  MOVWF  2E
02A0:  CALL   21A
....................    // CMD Set Start Line  
....................    PE12864_Write_command(0x40);    
02A1:  MOVLW  40
02A2:  MOVWF  2E
02A3:  CALL   21A
....................     
....................    PE12864_Write_command(0x28 | 0x4);  
02A4:  MOVLW  2C
02A5:  MOVWF  2E
02A6:  CALL   21A
....................    PE12864_Write_command(0x28 | 0x6);     
02A7:  MOVLW  2E
02A8:  MOVWF  2E
02A9:  CALL   21A
....................    PE12864_Write_command(0x28 | 0x7);     
02AA:  MOVLW  2F
02AB:  MOVWF  2E
02AC:  CALL   21A
....................    delay_us(5);    
02AD:  MOVLW  06
02AE:  MOVWF  77
02AF:  DECFSZ 77,F
02B0:  GOTO   2AF
02B1:  NOP
....................    PE12864_Write_command(0x20 | 0x6);  // resistor Ratio 
02B2:  MOVLW  26
02B3:  MOVWF  2E
02B4:  CALL   21A
....................    clear_screen(); 
....................    PE12864_Write_command(0xaf); // Display ON 
*
02CD:  MOVLW  AF
02CE:  MOVWF  2E
02CF:  CALL   21A
....................    PE12864_Write_command(0xa4); // all points Normal 
02D0:  MOVLW  A4
02D1:  MOVWF  2E
02D2:  CALL   21A
....................  
....................    //Set Brightness   
....................    PE12864_Write_command(0x81);  
02D3:  MOVLW  81
02D4:  MOVWF  2E
02D5:  CALL   21A
....................    PE12864_Write_command(0x1a); 
02D6:  MOVLW  1A
02D7:  MOVWF  2E
02D8:  CALL   21A
.................... } 
02D9:  BCF    0A.3
02DA:  BCF    0A.4
02DB:  GOTO   3C4 (RETURN)
....................  
.................... void PE12864_SerialOut(char byteDC){ 
....................   int i; 
....................   output_low(PE12864_CS1);   
*
01F3:  BSF    03.5
01F4:  BCF    06.5
01F5:  BCF    03.5
01F6:  BCF    06.5
....................   for (i=8; i>0; i--) { 
01F7:  MOVLW  08
01F8:  MOVWF  30
01F9:  MOVF   30,F
01FA:  BTFSC  03.2
01FB:  GOTO   215
....................     output_low(PE12864_CLK); 
01FC:  BSF    03.5
01FD:  BCF    06.3
01FE:  BCF    03.5
01FF:  BCF    06.3
....................     if ((byteDC&0x80)==0) 
0200:  MOVF   2F,W
0201:  ANDLW  80
0202:  BTFSS  03.2
0203:  GOTO   209
....................       output_low(PE12864_DATA); 
0204:  BSF    03.5
0205:  BCF    06.2
0206:  BCF    03.5
0207:  BCF    06.2
....................     else 
0208:  GOTO   20D
....................       output_high(PE12864_DATA); 
0209:  BSF    03.5
020A:  BCF    06.2
020B:  BCF    03.5
020C:  BSF    06.2
....................     output_high(PE12864_CLK); 
020D:  BSF    03.5
020E:  BCF    06.3
020F:  BCF    03.5
0210:  BSF    06.3
....................     byteDC<<=0x01; 
0211:  BCF    03.0
0212:  RLF    2F,F
....................   } 
0213:  DECF   30,F
0214:  GOTO   1F9
....................   output_high(PE12864_CS1); 
0215:  BSF    03.5
0216:  BCF    06.5
0217:  BCF    03.5
0218:  BSF    06.5
.................... } 
0219:  RETURN
.................... void    PE12864_Write_command(char byte_command){ 
....................   output_low(PE12864_A0);          // Write Command Enabled 
021A:  BSF    03.5
021B:  BCF    06.4
021C:  BCF    03.5
021D:  BCF    06.4
....................   PE12864_SerialOut(byte_command); 
021E:  MOVF   2E,W
021F:  MOVWF  2F
0220:  CALL   1F3
.................... } 
0221:  RETURN
.................... void    PE12864_Write_data(char byte_data){ 
....................   output_high(PE12864_A0);         // Write data Enabled 
*
0265:  BSF    03.5
0266:  BCF    06.4
0267:  BCF    03.5
0268:  BSF    06.4
....................   PE12864_SerialOut(byte_data); 
0269:  MOVF   29,W
026A:  MOVWF  2F
026B:  CALL   1F3
....................   //Buffer[OffsetX][CurrentLine] = byte_data;   
....................   OffsetX++; 
026C:  INCF   22,F
....................   PE12864_Gotoxy(OffsetX,CurrentLine); 
026D:  MOVF   22,W
026E:  MOVWF  2A
026F:  MOVF   20,W
0270:  MOVWF  2B
0271:  CALL   237
.................... } 
0272:  RETURN
.................... void newLine(){ 
....................   if(CurrentLine < 7){  // New Line Command 
*
0305:  MOVF   20,W
0306:  SUBLW  06
0307:  BTFSS  03.0
0308:  GOTO   316
....................       PE12864_Write_command((CurrentLine+1)|0xb0);  // Set Page Address to 0 (0 a 7) 
0309:  MOVLW  01
030A:  ADDWF  20,W
030B:  IORLW  B0
030C:  MOVWF  28
030D:  MOVWF  2E
030E:  CALL   21A
....................       PE12864_Write_command(0x00);  // Set LSB for index Column 
030F:  CLRF   2E
0310:  CALL   21A
....................       PE12864_Write_command(0x10);  // Set MSB for index Column    
0311:  MOVLW  10
0312:  MOVWF  2E
0313:  CALL   21A
....................       CurrentLine+=1; 
0314:  MOVLW  01
0315:  ADDWF  20,F
....................   } 
....................   QuantChrLine = 1; 
0316:  MOVLW  01
0317:  MOVWF  21
....................   OffsetX = 0; 
0318:  CLRF   22
.................... } 
.................... void clear_screen(void) { 
....................    int p, c; 
....................    for(p = 0; p < 8; p++) { 
*
02B5:  CLRF   23
02B6:  MOVF   23,W
02B7:  SUBLW  07
02B8:  BTFSS  03.0
02B9:  GOTO   2CA
....................       for(c = 0; c < 128; c++) { 
02BA:  CLRF   24
02BB:  MOVF   24,W
02BC:  SUBLW  7F
02BD:  BTFSS  03.0
02BE:  GOTO   2C8
....................          PE12864_Gotoxy(c,p); 
02BF:  MOVF   24,W
02C0:  MOVWF  2A
02C1:  MOVF   23,W
02C2:  MOVWF  2B
02C3:  CALL   237
....................          PE12864_Write_data(0x00); 
02C4:  CLRF   29
02C5:  CALL   265
....................          //Buffer[c][p] = 0x00;         
....................       } 
02C6:  INCF   24,F
02C7:  GOTO   2BB
....................    } 
02C8:  INCF   23,F
02C9:  GOTO   2B6
....................    PE12864_Gotoxy(0,0);    
02CA:  CLRF   2A
02CB:  CLRF   2B
02CC:  CALL   237
.................... } 
.................... void    PE12864_Gotoxy(int x, int y){ 
*
0237:  CLRF   2C
....................    int8 OffsetChr = 0; 
....................     
....................    PE12864_Write_command(0xb0 | y); 
0238:  MOVF   2B,W
0239:  IORLW  B0
023A:  MOVWF  2D
023B:  MOVWF  2E
023C:  CALL   21A
....................    PE12864_Write_command((0x00 | x) & 0x0f); 
023D:  MOVF   2A,W
023E:  ANDLW  0F
023F:  MOVWF  2D
0240:  MOVWF  2E
0241:  CALL   21A
....................    PE12864_Write_command(0x10|(x>>4)); 
0242:  SWAPF  2A,W
0243:  MOVWF  77
0244:  MOVLW  0F
0245:  ANDWF  77,F
0246:  MOVF   77,W
0247:  IORLW  10
0248:  MOVWF  2D
0249:  MOVWF  2E
024A:  CALL   21A
....................     
....................    OffsetChr = (x+1)/6; 
024B:  MOVLW  01
024C:  ADDWF  2A,W
024D:  MOVWF  2E
024E:  MOVWF  2F
024F:  MOVLW  06
0250:  MOVWF  30
0251:  CALL   222
0252:  MOVF   78,W
0253:  MOVWF  2C
....................    if((x+1)%6) 
0254:  MOVLW  01
0255:  ADDWF  2A,W
0256:  MOVWF  2E
0257:  MOVWF  2F
0258:  MOVLW  06
0259:  MOVWF  30
025A:  CALL   222
025B:  MOVF   77,W
025C:  BTFSS  03.2
....................       OffsetChr++;    
025D:  INCF   2C,F
....................    CurrentLine = y; 
025E:  MOVF   2B,W
025F:  MOVWF  20
....................    QuantChrLine = OffsetChr; 
0260:  MOVF   2C,W
0261:  MOVWF  21
....................    OffsetX = x; 
0262:  MOVF   2A,W
0263:  MOVWF  22
.................... } 
0264:  RETURN
.................... void    PE12864_Printchar(char cvar){ 
....................    int i; 
....................    if (QuantChrLine > 21)   
*
0301:  MOVF   21,W
0302:  SUBLW  15
0303:  BTFSC  03.0
0304:  GOTO   31A
....................        newLine();  
....................    else 
*
0319:  GOTO   31B
....................        QuantChrLine++;     
031A:  INCF   21,F
....................    if(cvar == 0x20) 
031B:  MOVF   26,W
031C:  SUBLW  20
031D:  BTFSS  03.2
031E:  GOTO   329
....................       for(i=0;i<2;i++) 
031F:  CLRF   27
0320:  MOVF   27,W
0321:  SUBLW  01
0322:  BTFSS  03.0
0323:  GOTO   328
....................          PE12864_Write_data(0x00); 
0324:  CLRF   29
0325:  CALL   265
0326:  INCF   27,F
0327:  GOTO   320
....................    else{ 
0328:  GOTO   36B
....................       for(i=0;i<5;i++){ 
0329:  CLRF   27
032A:  MOVF   27,W
032B:  SUBLW  04
032C:  BTFSS  03.0
032D:  GOTO   36B
....................          if (cvar < 0x53){ 
032E:  MOVF   26,W
032F:  SUBLW  52
0330:  BTFSS  03.0
0331:  GOTO   34E
....................             if(TEXT[cvar-0x20][i])          
0332:  MOVLW  20
0333:  SUBWF  26,W
0334:  MOVWF  29
0335:  MOVWF  2A
0336:  MOVLW  05
0337:  MOVWF  2B
0338:  CALL   2DC
0339:  MOVF   27,W
033A:  ADDWF  78,W
033B:  CALL   004
033C:  MOVWF  78
033D:  MOVF   78,F
033E:  BTFSC  03.2
033F:  GOTO   34D
....................                PE12864_Write_data(TEXT[cvar-0x20][i]);       
0340:  MOVLW  20
0341:  SUBWF  26,W
0342:  MOVWF  29
0343:  MOVWF  2A
0344:  MOVLW  05
0345:  MOVWF  2B
0346:  CALL   2DC
0347:  MOVF   27,W
0348:  ADDWF  78,W
0349:  CALL   004
034A:  MOVWF  28
034B:  MOVWF  29
034C:  CALL   265
....................          } 
....................          else { 
034D:  GOTO   369
....................             if(TEXT2[cvar-0x53][i])                
034E:  MOVLW  53
034F:  SUBWF  26,W
0350:  MOVWF  29
0351:  MOVWF  2A
0352:  MOVLW  05
0353:  MOVWF  2B
0354:  CALL   2DC
0355:  MOVF   27,W
0356:  ADDWF  78,W
0357:  CALL   10A
0358:  MOVWF  78
0359:  MOVF   78,F
035A:  BTFSC  03.2
035B:  GOTO   369
....................                PE12864_Write_data(TEXT2[cvar-0x53][i]);                
035C:  MOVLW  53
035D:  SUBWF  26,W
035E:  MOVWF  29
035F:  MOVWF  2A
0360:  MOVLW  05
0361:  MOVWF  2B
0362:  CALL   2DC
0363:  MOVF   27,W
0364:  ADDWF  78,W
0365:  CALL   10A
0366:  MOVWF  28
0367:  MOVWF  29
0368:  CALL   265
....................          } 
....................       } 
0369:  INCF   27,F
036A:  GOTO   32A
....................    } 
....................    PE12864_Write_data(0x00); 
036B:  CLRF   29
036C:  CALL   265
.................... } 
036D:  RETURN
....................  
....................  
.................... void PE12864_PutPixel(int x, int y, int1 COLOR){ 
....................    byte BytePlot, tempByte; 
....................    if((x > 127)||(y > 63)) 
....................       return; 
....................    BytePlot = 0; 
....................    BytePlot |= 1; 
....................    PE12864_Gotoxy(x,(y/8)); 
....................    BytePlot<<=(y%8); 
....................    tempByte = BytePlot;    
....................    //BytePlot|=Buffer[x][y/8];       
....................    if(COLOR == OFF) 
....................       BytePlot-=tempByte; 
....................    PE12864_Write_data(BytePlot); 
....................     
....................    /*   if(COLOR == ON) 
....................       BytePlot|=Buffer[x][y/8];       
....................    else{ 
....................       tempByte = BytePlot; 
....................       BytePlot|=Buffer[x][y/8];        
....................       BytePlot-=tempByte; 
....................       //BytePlot = ((BytePlot | Buffer[x][y/8]) - BytePlot);  
....................    }*/ 
.................... } 
....................  
.................... void PE12864_circle(int x, int y, int radius, int1 fill, int1 COLOR){ 
....................    signed int a, b, P; 
....................    a = 0; 
....................    b = radius; 
....................    P = 1 - radius; 
....................    do{ 
....................       if(fill){ 
....................          PE12864_line(x-a, y+b, x+a, y+b, color); 
....................          PE12864_line(x-a, y-b, x+a, y-b, color); 
....................          PE12864_line(x-b, y+a, x+b, y+a, color); 
....................          PE12864_line(x-b, y-a, x+b, y-a, color); 
....................       } 
....................       else{ 
....................          PE12864_PutPixel(a+x, b+y, color); 
....................          PE12864_PutPixel(b+x, a+y, color); 
....................          PE12864_PutPixel(x-a, b+y, color); 
....................          PE12864_PutPixel(x-b, a+y, color); 
....................          PE12864_PutPixel(b+x, y-a, color); 
....................          PE12864_PutPixel(a+x, y-b, color); 
....................          PE12864_PutPixel(x-a, y-b, color); 
....................          PE12864_PutPixel(x-b, y-a, color); 
....................       } 
....................       if(P < 0) 
....................          P+= 3 + 2*a++; 
....................       else 
....................          P+= 5 + 2*(a++ - b--); 
....................     } while(a <= b); 
.................... } 
....................  
.................... void PE12864_line(int x1, int y1, int x2, int y2, int1 COLOR){ 
....................    signed int  x, y, addx, addy, dx, dy; 
....................    signed long P; 
....................    int i; 
....................    dx = abs((signed int)(x2 - x1)); 
....................    dy = abs((signed int)(y2 - y1)); 
....................    x = x1; 
....................    y = y1; 
....................  
....................    if(x1 > x2) 
....................       addx = -1; 
....................    else 
....................       addx = 1; 
....................    if(y1 > y2) 
....................       addy = -1; 
....................    else 
....................       addy = 1; 
....................    if(dx >= dy){ 
....................       P = 2*dy - dx; 
....................       for(i=0; i<=dx; ++i){ 
....................          PE12864_PutPixel(x, y, COLOR); 
....................          if(P < 0){ 
....................             P += 2*dy; 
....................             x += addx; 
....................          } 
....................          else{ 
....................             P += 2*dy - 2*dx; 
....................             x += addx; 
....................             y += addy; 
....................          } 
....................       } 
....................    } 
....................    else{ 
....................       P = 2*dx - dy; 
....................       for(i=0; i<=dy; ++i){ 
....................          PE12864_PutPixel(x, y, COLOR); 
....................  
....................          if(P < 0){ 
....................             P += 2*dx; 
....................             y += addy; 
....................          } 
....................          else{ 
....................             P += 2*dx - 2*dy; 
....................             x += addx; 
....................             y += addy; 
....................          } 
....................       } 
....................    } 
.................... } 
....................  
.................... /*void linexy(int8 x1,int8 y1,int8 x2,int8 y2, int1 COLOR){ 
....................    int length_x, length_y, i; 
....................    float divResult; 
....................    length_x = abs((signed int)(x2 - x1)); 
....................    length_y = abs((signed int)(y2 - y1)); 
....................     
....................    if(length_x < length_y){ 
....................       divResult = (float)(length_x / length_y); 
....................       for(i = 0; i < length_y+1;i++) 
....................          PE12864_Putpixel(x1+ceil(divResult*i), y1+i, ON); 
....................    } 
....................    else{ 
....................       divResult = (float)(length_y / length_x); 
....................       for(i = 0; i < length_x+1;i++) 
....................          PE12864_Putpixel(x1+i, y1+ceil(divResult*i), ON); 
....................    }    
.................... } 
.................... */ 
....................  
....................  
.................... void main(void){ 
*
03B6:  CLRF   04
03B7:  BCF    03.7
03B8:  MOVLW  1F
03B9:  ANDWF  03,F
03BA:  CLRF   20
03BB:  CLRF   21
03BC:  CLRF   22
03BD:  BSF    03.5
03BE:  BSF    1F.0
03BF:  BSF    1F.1
03C0:  BSF    1F.2
03C1:  BCF    1F.3
....................    PE12864_InitLcd(); 
03C2:  BCF    03.5
03C3:  GOTO   273
....................    printf(PE12864_Printchar, "Teste LCD 128x64"); 
03C4:  MOVLW  EA
03C5:  BSF    03.6
03C6:  MOVWF  0D
03C7:  MOVLW  01
03C8:  MOVWF  0F
03C9:  BCF    03.6
03CA:  GOTO   36E
....................    while(true){} 
03CB:  GOTO   3CB
.................... } 
03CC:  SLEEP

Configuration Fuses:
   Word  1: 3D3A   HS NOWDT NOPUT NOBROWNOUT NOLVP NOCPD NOWRT NODEBUG NOPROTECT
